ERROR: 2019/05/10 17:31:56 logimplement.go:35: error info
ERROR: 2019/05/10 17:32:29 logimplement.go:35: error info
ERROR: 2019/05/10 17:32:52 logimplement.go:35: error info
ERROR: 2019/05/10 17:32:54 logimplement.go:35: error info
ERROR: 2019/05/10 17:32:55 logimplement.go:35: error info
ERROR: 2019/05/10 17:32:56 logimplement.go:35: error info
ERROR: 2019/05/10 17:32:57 logimplement.go:35: error info
ERROR: 2019/05/10 17:32:58 logimplement.go:35: error info
ERROR: 2019/05/10 17:32:59 logimplement.go:35: error info
ERROR: 2019/05/10 17:33:00 logimplement.go:35: error info
ERROR: 2019/05/10 17:33:01 logimplement.go:35: error info
ERROR: 2019/05/10 17:33:03 logimplement.go:35: error info
ERROR: 2019/05/10 17:33:04 logimplement.go:35: error info
ERROR: 2019/05/10 17:33:05 logimplement.go:35: error info
ERROR: 2019/05/10 17:33:06 logimplement.go:35: error info
ERROR: 2019/05/10 17:33:07 logimplement.go:35: error info
ERROR: 2019/05/10 17:33:08 logimplement.go:35: error info
ERROR: 2019/05/10 17:33:09 logimplement.go:35: error info
ERROR: 2019/05/10 17:33:11 logimplement.go:35: error info
ERROR: 2019/05/10 17:33:12 logimplement.go:35: error info
